2025-08-20T00:01:28.369+05:30  INFO 13252 --- [Blog_Management] [SpringApplicationShutdownHook] o.s.b.w.e.tomcat.GracefulShutdown        : Commencing graceful shutdown. Waiting for active requests to complete
2025-08-20T00:01:28.557+05:30  INFO 13252 --- [Blog_Management] [tomcat-shutdown] o.s.b.w.e.tomcat.GracefulShutdown        : Graceful shutdown complete
2025-08-20T00:01:28.614+05:30  INFO 13252 --- [Blog_Management] [SpringApplicationShutdownHook] j.LocalContainerEntityManagerFactoryBean : Closing JPA EntityManagerFactory for persistence unit 'default'
2025-08-20T00:01:28.693+05:30  INFO 13252 --- [Blog_Management] [SpringApplicationShutdownHook] com.zaxxer.hikari.HikariDataSource       : HikariPool-1 - Shutdown initiated...
2025-08-20T00:01:28.722+05:30  INFO 13252 --- [Blog_Management] [SpringApplicationShutdownHook] com.zaxxer.hikari.HikariDataSource       : HikariPool-1 - Shutdown completed.
2025-08-20T00:01:36.541+05:30  INFO 6800 --- [Blog_Management] [main] l.i.g.b.BlogManagementApplication        : Starting BlogManagementApplication using Java 21.0.3 with PID 6800 (C:\Users\ahasna\Documents\AAD\SPIRING-BOOT\Blog_Management\target\classes started by ahasna in C:\Users\ahasna\Documents\AAD\SPIRING-BOOT\Blog_Management)
2025-08-20T00:01:36.547+05:30 DEBUG 6800 --- [Blog_Management] [main] l.i.g.b.BlogManagementApplication        : Running with Spring Boot v3.5.4, Spring v6.2.9
2025-08-20T00:01:36.553+05:30  INFO 6800 --- [Blog_Management] [main] l.i.g.b.BlogManagementApplication        : No active profile set, falling back to 1 default profile: "default"
2025-08-20T00:01:38.196+05:30  INFO 6800 --- [Blog_Management] [main] .s.d.r.c.RepositoryConfigurationDelegate : Bootstrapping Spring Data JPA repositories in DEFAULT mode.
2025-08-20T00:01:38.384+05:30  INFO 6800 --- [Blog_Management] [main] .s.d.r.c.RepositoryConfigurationDelegate : Finished Spring Data repository scanning in 176 ms. Found 5 JPA repository interfaces.
2025-08-20T00:01:38.919+05:30  INFO 6800 --- [Blog_Management] [main] o.s.b.w.embedded.tomcat.TomcatWebServer  : Tomcat initialized with port 8080 (http)
2025-08-20T00:01:38.933+05:30  INFO 6800 --- [Blog_Management] [main] o.apache.catalina.core.StandardService   : Starting service [Tomcat]
2025-08-20T00:01:38.933+05:30  INFO 6800 --- [Blog_Management] [main] o.apache.catalina.core.StandardEngine    : Starting Servlet engine: [Apache Tomcat/10.1.43]
2025-08-20T00:01:38.992+05:30  INFO 6800 --- [Blog_Management] [main] o.a.c.c.C.[Tomcat].[localhost].[/]       : Initializing Spring embedded WebApplicationContext
2025-08-20T00:01:38.993+05:30  INFO 6800 --- [Blog_Management] [main] w.s.c.ServletWebServerApplicationContext : Root WebApplicationContext: initialization completed in 2316 ms
2025-08-20T00:01:39.157+05:30  INFO 6800 --- [Blog_Management] [main] o.hibernate.jpa.internal.util.LogHelper  : HHH000204: Processing PersistenceUnitInfo [name: default]
2025-08-20T00:01:39.258+05:30  INFO 6800 --- [Blog_Management] [main] org.hibernate.Version                    : HHH000412: Hibernate ORM core version 6.6.22.Final
2025-08-20T00:01:39.318+05:30  INFO 6800 --- [Blog_Management] [main] o.h.c.internal.RegionFactoryInitiator    : HHH000026: Second-level cache disabled
2025-08-20T00:01:39.682+05:30  INFO 6800 --- [Blog_Management] [main] o.s.o.j.p.SpringPersistenceUnitInfo      : No LoadTimeWeaver setup: ignoring JPA class transformer
2025-08-20T00:01:39.712+05:30  INFO 6800 --- [Blog_Management] [main] com.zaxxer.hikari.HikariDataSource       : HikariPool-1 - Starting...
2025-08-20T00:01:40.228+05:30  INFO 6800 --- [Blog_Management] [main] com.zaxxer.hikari.pool.HikariPool        : HikariPool-1 - Added connection com.mysql.cj.jdbc.ConnectionImpl@e5864c2
2025-08-20T00:01:40.231+05:30  INFO 6800 --- [Blog_Management] [main] com.zaxxer.hikari.HikariDataSource       : HikariPool-1 - Start completed.
2025-08-20T00:01:40.324+05:30  WARN 6800 --- [Blog_Management] [main] org.hibernate.orm.deprecation            : HHH90000025: MySQLDialect does not need to be specified explicitly using 'hibernate.dialect' (remove the property setting and it will be selected by default)
2025-08-20T00:01:40.348+05:30  INFO 6800 --- [Blog_Management] [main] org.hibernate.orm.connections.pooling    : HHH10001005: Database info:
	Database JDBC URL [Connecting through datasource 'HikariDataSource (HikariPool-1)']
	Database driver: undefined/unknown
	Database version: 8.0.40
	Autocommit mode: undefined/unknown
	Isolation level: undefined/unknown
	Minimum pool size: undefined/unknown
	Maximum pool size: undefined/unknown
2025-08-20T00:01:41.805+05:30  INFO 6800 --- [Blog_Management] [main] o.h.e.t.j.p.i.JtaPlatformInitiator       : HHH000489: No JTA platform available (set 'hibernate.transaction.jta.platform' to enable JTA platform integration)
2025-08-20T00:01:41.966+05:30  INFO 6800 --- [Blog_Management] [main] j.LocalContainerEntityManagerFactoryBean : Initialized JPA EntityManagerFactory for persistence unit 'default'
2025-08-20T00:01:42.348+05:30 DEBUG 6800 --- [Blog_Management] [main] l.i.g.b.c.JwtTokenAuthenticationFilter   : Filter 'jwtTokenAuthenticationFilter' configured for use
2025-08-20T00:01:42.932+05:30  WARN 6800 --- [Blog_Management] [main] JpaBaseConfiguration$JpaWebConfiguration : spring.jpa.open-in-view is enabled by default. Therefore, database queries may be performed during view rendering. Explicitly configure spring.jpa.open-in-view to disable this warning
2025-08-20T00:01:42.960+05:30  INFO 6800 --- [Blog_Management] [main] o.s.b.a.w.s.WelcomePageHandlerMapping    : Adding welcome page template: index
2025-08-20T00:01:43.665+05:30  INFO 6800 --- [Blog_Management] [main] o.s.b.w.embedded.tomcat.TomcatWebServer  : Tomcat started on port 8080 (http) with context path '/'
2025-08-20T00:01:43.670+05:30  INFO 6800 --- [Blog_Management] [main] l.i.g.b.BlogManagementApplication        : Started BlogManagementApplication in 8.429 seconds (process running for 11.117)
2025-08-20T00:01:54.326+05:30  INFO 6800 --- [Blog_Management] [http-nio-8080-exec-1] o.a.c.c.C.[Tomcat].[localhost].[/]       : Initializing Spring DispatcherServlet 'dispatcherServlet'
2025-08-20T00:01:54.326+05:30  INFO 6800 --- [Blog_Management] [http-nio-8080-exec-1] o.s.web.servlet.DispatcherServlet        : Initializing Servlet 'dispatcherServlet'
2025-08-20T00:01:54.327+05:30  INFO 6800 --- [Blog_Management] [http-nio-8080-exec-1] o.s.web.servlet.DispatcherServlet        : Completed initialization in 1 ms
2025-08-20T00:14:48.892+05:30  WARN 6800 --- [Blog_Management] [HikariPool-1:housekeeper] com.zaxxer.hikari.pool.HikariPool        : HikariPool-1 - Thread starvation or clock leap detected (housekeeper delta=7m38s500ms561µs100ns).
